[ 4948050ms] [ERROR] Warning: Invalid hook call. Hooks can only be called inside of the body of a function component. This could happen for one of the following reasons:
1. You might have mismatching versions of React and the renderer (such as React DOM)
2. You might be breaking the Rules of Hooks
3. You might have more than one copy of React in the same app
See https://reactjs.org/link/invalid-hook-call for tips about how to debug and fix this problem. @ http://localhost:5173/node_modules/.vite/deps/chunk-6LGOJ2JQ.js?v=9c504281:167
[ 4948051ms] [ERROR] Warning: Invalid hook call. Hooks can only be called inside of the body of a function component. This could happen for one of the following reasons:
1. You might have mismatching versions of React and the renderer (such as React DOM)
2. You might be breaking the Rules of Hooks
3. You might have more than one copy of React in the same app
See https://reactjs.org/link/invalid-hook-call for tips about how to debug and fix this problem. @ http://localhost:5173/node_modules/.vite/deps/chunk-6LGOJ2JQ.js?v=9c504281:167
[ 4948052ms] TypeError: Cannot read properties of null (reading 'useRef')
    at Object.useRef (http://localhost:5173/node_modules/.vite/deps/chunk-6LGOJ2JQ.js?v=9c504281:1106:29)
    at BrowserRouter (http://localhost:5173/node_modules/.vite/deps/react-router.js?v=e66a3e22:10288:28)
    at renderWithHooks (http://localhost:5173/node_modules/.vite/deps/chunk-JLB5MZ4H.js?v=fdb33425:11594:26)
    at mountIndeterminateComponent (http://localhost:5173/node_modules/.vite/deps/chunk-JLB5MZ4H.js?v=fdb33425:14972:21)
    at beginWork (http://localhost:5173/node_modules/.vite/deps/chunk-JLB5MZ4H.js?v=fdb33425:15960:22)
    at HTMLUnknownElement.callCallback2 (http://localhost:5173/node_modules/.vite/deps/chunk-JLB5MZ4H.js?v=fdb33425:3678:22)
    at Object.invokeGuardedCallbackDev (http://localhost:5173/node_modules/.vite/deps/chunk-JLB5MZ4H.js?v=fdb33425:3703:24)
    at invokeGuardedCallback (http://localhost:5173/node_modules/.vite/deps/chunk-JLB5MZ4H.js?v=fdb33425:3737:39)
    at beginWork$1 (http://localhost:5173/node_modules/.vite/deps/chunk-JLB5MZ4H.js?v=fdb33425:19816:15)
    at performUnitOfWork (http://localhost:5173/node_modules/.vite/deps/chunk-JLB5MZ4H.js?v=fdb33425:19249:20)
[ 4948056ms] [ERROR] Warning: Invalid hook call. Hooks can only be called inside of the body of a function component. This could happen for one of the following reasons:
1. You might have mismatching versions of React and the renderer (such as React DOM)
2. You might be breaking the Rules of Hooks
3. You might have more than one copy of React in the same app
See https://reactjs.org/link/invalid-hook-call for tips about how to debug and fix this problem. @ http://localhost:5173/node_modules/.vite/deps/chunk-6LGOJ2JQ.js?v=9c504281:167
[ 4948057ms] [ERROR] Warning: Invalid hook call. Hooks can only be called inside of the body of a function component. This could happen for one of the following reasons:
1. You might have mismatching versions of React and the renderer (such as React DOM)
2. You might be breaking the Rules of Hooks
3. You might have more than one copy of React in the same app
See https://reactjs.org/link/invalid-hook-call for tips about how to debug and fix this problem. @ http://localhost:5173/node_modules/.vite/deps/chunk-6LGOJ2JQ.js?v=9c504281:167
[ 4948058ms] TypeError: Cannot read properties of null (reading 'useRef')
    at Object.useRef (http://localhost:5173/node_modules/.vite/deps/chunk-6LGOJ2JQ.js?v=9c504281:1106:29)
    at BrowserRouter (http://localhost:5173/node_modules/.vite/deps/react-router.js?v=e66a3e22:10288:28)
    at renderWithHooks (http://localhost:5173/node_modules/.vite/deps/chunk-JLB5MZ4H.js?v=fdb33425:11594:26)
    at mountIndeterminateComponent (http://localhost:5173/node_modules/.vite/deps/chunk-JLB5MZ4H.js?v=fdb33425:14972:21)
    at beginWork (http://localhost:5173/node_modules/.vite/deps/chunk-JLB5MZ4H.js?v=fdb33425:15960:22)
    at HTMLUnknownElement.callCallback2 (http://localhost:5173/node_modules/.vite/deps/chunk-JLB5MZ4H.js?v=fdb33425:3678:22)
    at Object.invokeGuardedCallbackDev (http://localhost:5173/node_modules/.vite/deps/chunk-JLB5MZ4H.js?v=fdb33425:3703:24)
    at invokeGuardedCallback (http://localhost:5173/node_modules/.vite/deps/chunk-JLB5MZ4H.js?v=fdb33425:3737:39)
    at beginWork$1 (http://localhost:5173/node_modules/.vite/deps/chunk-JLB5MZ4H.js?v=fdb33425:19816:15)
    at performUnitOfWork (http://localhost:5173/node_modules/.vite/deps/chunk-JLB5MZ4H.js?v=fdb33425:19249:20)
[ 4948062ms] [ERROR] The above error occurred in the <BrowserRouter> component:

    at BrowserRouter (http://localhost:5173/node_modules/.vite/deps/react-router.js?v=e66a3e22:10283:3)

Consider adding an error boundary to your tree to customize error handling behavior.
Visit https://reactjs.org/link/error-boundaries to learn more about error boundaries. @ http://localhost:5173/node_modules/.vite/deps/chunk-JLB5MZ4H.js?v=fdb33425:14077
[ 4948062ms] TypeError: Cannot read properties of null (reading 'useRef')
    at Object.useRef (http://localhost:5173/node_modules/.vite/deps/chunk-6LGOJ2JQ.js?v=9c504281:1106:29)
    at BrowserRouter (http://localhost:5173/node_modules/.vite/deps/react-router.js?v=e66a3e22:10288:28)
    at renderWithHooks (http://localhost:5173/node_modules/.vite/deps/chunk-JLB5MZ4H.js?v=fdb33425:11594:26)
    at mountIndeterminateComponent (http://localhost:5173/node_modules/.vite/deps/chunk-JLB5MZ4H.js?v=fdb33425:14972:21)
    at beginWork (http://localhost:5173/node_modules/.vite/deps/chunk-JLB5MZ4H.js?v=fdb33425:15960:22)
    at beginWork$1 (http://localhost:5173/node_modules/.vite/deps/chunk-JLB5MZ4H.js?v=fdb33425:19804:22)
    at performUnitOfWork (http://localhost:5173/node_modules/.vite/deps/chunk-JLB5MZ4H.js?v=fdb33425:19249:20)
    at workLoopSync (http://localhost:5173/node_modules/.vite/deps/chunk-JLB5MZ4H.js?v=fdb33425:19188:13)
    at renderRootSync (http://localhost:5173/node_modules/.vite/deps/chunk-JLB5MZ4H.js?v=fdb33425:19167:15)
    at recoverFromConcurrentError (http://localhost:5173/node_modules/.vite/deps/chunk-JLB5MZ4H.js?v=fdb33425:18784:28)
[ 4948759ms] [ERROR] Failed to load resource: the server responded with a status of 403 () @ https://scontent.fsjo8-1.fna.fbcdn.net/v/t51.75761-15/476257377_18013476665690161_905882436149764683_n.jpg?stp=dst-jpegr_tt6&_nc_cat=107&ccb=1-7&_nc_sid=13d280&_nc_ohc=p9Ww65InfEIQ7kNvwGd3T4t&_nc_oc=AdoD8OWzyGwp_yRLyJm4OtVUsVQMqURVsMZhfmMytks60P6wXhPBELHgKLqPbHV_-OZdPdeyV0ewTeYXIP_AitTS&_nc_zt=23&_nc_ht=scontent.fsjo8-1.fna&_nc_gid=JSth1nyyLkxXRFhm2LrV0A&_nc_ss=7a30f&oh=00_Afxk5R5fFRqrFUduHe0KUjVBhZk21zcEWQlFo_VqhMN9ng&oe=69CEA8AD:0
[ 4948759ms] [ERROR] Failed to load resource: the server responded with a status of 403 () @ https://scontent.fsjo8-1.fna.fbcdn.net/v/t39.30808-6/457392693_17992859492690161_3873199616786529814_n.jpg?stp=dst-jpegr_tt6&_nc_cat=100&ccb=1-7&_nc_sid=13d280&_nc_ohc=W_vZwc-4jJwQ7kNvwEMcJGK&_nc_oc=Ado1Zg22BgKrouI-_nawqNdYR9BPvQ3oXa_9R5KVoV6Ds18nkMkV4cfYaSqy7Pa31n-GzWWhmeupsu348mGWLWk&_nc_zt=23&se=-1&_nc_ht=scontent.fsjo8-1.fna&_nc_gid=GQDUes5VfEArQ5mCJ9hm5A&_nc_ss=7a30f&oh=00_AfwdznYcifVxVKDoJq78DX7H-FlyLOW7FKinSN5PWlhqbA&oe=69CE887C:0
[ 4948995ms] [WARNING] Please ensure that the container has a non-static position, like 'relative', 'fixed', or 'absolute' to ensure scroll offset is calculated correctly. @ http://localhost:5173/node_modules/.vite/deps/motion_react.js?v=9c504281:185
[ 4989933ms] [ERROR] Failed to load resource: the server responded with a status of 500 (Internal Server Error) @ http://localhost:5173/src/app/App.tsx?t=1774821741688:0
[ 4989936ms] [ERROR] [vite] Failed to reload /src/app/App.tsx. This could be due to syntax errors or importing non-existent modules. (see errors above) @ http://localhost:5173/@vite/client:881
[ 5000134ms] [ERROR] Failed to load resource: the server responded with a status of 500 (Internal Server Error) @ http://localhost:5173/src/app/App.tsx?t=1774821751861:0
[ 5000134ms] [ERROR] [vite] Failed to reload /src/app/App.tsx. This could be due to syntax errors or importing non-existent modules. (see errors above) @ http://localhost:5173/@vite/client:881
[ 5026419ms] [ERROR] Failed to load resource: the server responded with a status of 500 (Internal Server Error) @ http://localhost:5173/src/app/App.tsx?t=1774821777900:0
[ 5027458ms] [ERROR] Failed to load resource: the server responded with a status of 500 (Internal Server Error) @ http://localhost:5173/src/app/App.tsx?t=1774821777900:0
[ 5069525ms] [ERROR] Failed to load resource: the server responded with a status of 403 () @ https://scontent.fsjo8-1.fna.fbcdn.net/v/t39.30808-6/457392693_17992859492690161_3873199616786529814_n.jpg?stp=dst-jpegr_tt6&_nc_cat=100&ccb=1-7&_nc_sid=13d280&_nc_ohc=W_vZwc-4jJwQ7kNvwEMcJGK&_nc_oc=Ado1Zg22BgKrouI-_nawqNdYR9BPvQ3oXa_9R5KVoV6Ds18nkMkV4cfYaSqy7Pa31n-GzWWhmeupsu348mGWLWk&_nc_zt=23&se=-1&_nc_ht=scontent.fsjo8-1.fna&_nc_gid=GQDUes5VfEArQ5mCJ9hm5A&_nc_ss=7a30f&oh=00_AfwdznYcifVxVKDoJq78DX7H-FlyLOW7FKinSN5PWlhqbA&oe=69CE887C:0
[ 5069527ms] [ERROR] Failed to load resource: the server responded with a status of 403 () @ https://scontent.fsjo8-1.fna.fbcdn.net/v/t51.75761-15/476257377_18013476665690161_905882436149764683_n.jpg?stp=dst-jpegr_tt6&_nc_cat=107&ccb=1-7&_nc_sid=13d280&_nc_ohc=p9Ww65InfEIQ7kNvwGd3T4t&_nc_oc=AdoD8OWzyGwp_yRLyJm4OtVUsVQMqURVsMZhfmMytks60P6wXhPBELHgKLqPbHV_-OZdPdeyV0ewTeYXIP_AitTS&_nc_zt=23&_nc_ht=scontent.fsjo8-1.fna&_nc_gid=JSth1nyyLkxXRFhm2LrV0A&_nc_ss=7a30f&oh=00_Afxk5R5fFRqrFUduHe0KUjVBhZk21zcEWQlFo_VqhMN9ng&oe=69CEA8AD:0
[ 5070037ms] [WARNING] Please ensure that the container has a non-static position, like 'relative', 'fixed', or 'absolute' to ensure scroll offset is calculated correctly. @ http://localhost:5173/node_modules/.vite/deps/motion_react.js?v=f4fdb270:185
