[    1059ms] [ERROR] Failed to load resource: the server responded with a status of 404 (Not Found) @ http://localhost:5173/favicon.ico:0
[ 1314047ms] TypeError: Cannot read properties of undefined (reading '0')
    at EventHallSection (http://localhost:5173/src/app/components/EventHallSection.tsx?t=1774764228831:43:27)
    at renderWithHooks (http://localhost:5173/node_modules/.vite/deps/chunk-JLB5MZ4H.js?v=98bc95e8:11594:26)
    at updateFunctionComponent (http://localhost:5173/node_modules/.vite/deps/chunk-JLB5MZ4H.js?v=98bc95e8:14628:28)
    at beginWork (http://localhost:5173/node_modules/.vite/deps/chunk-JLB5MZ4H.js?v=98bc95e8:15970:22)
    at HTMLUnknownElement.callCallback2 (http://localhost:5173/node_modules/.vite/deps/chunk-JLB5MZ4H.js?v=98bc95e8:3678:22)
    at Object.invokeGuardedCallbackDev (http://localhost:5173/node_modules/.vite/deps/chunk-JLB5MZ4H.js?v=98bc95e8:3703:24)
    at invokeGuardedCallback (http://localhost:5173/node_modules/.vite/deps/chunk-JLB5MZ4H.js?v=98bc95e8:3737:39)
    at beginWork$1 (http://localhost:5173/node_modules/.vite/deps/chunk-JLB5MZ4H.js?v=98bc95e8:19816:15)
    at performUnitOfWork (http://localhost:5173/node_modules/.vite/deps/chunk-JLB5MZ4H.js?v=98bc95e8:19249:20)
    at workLoopSync (http://localhost:5173/node_modules/.vite/deps/chunk-JLB5MZ4H.js?v=98bc95e8:19188:13)
[ 1314050ms] TypeError: Cannot read properties of undefined (reading '0')
    at EventHallSection (http://localhost:5173/src/app/components/EventHallSection.tsx?t=1774764228831:43:27)
    at renderWithHooks (http://localhost:5173/node_modules/.vite/deps/chunk-JLB5MZ4H.js?v=98bc95e8:11594:26)
    at updateFunctionComponent (http://localhost:5173/node_modules/.vite/deps/chunk-JLB5MZ4H.js?v=98bc95e8:14628:28)
    at beginWork (http://localhost:5173/node_modules/.vite/deps/chunk-JLB5MZ4H.js?v=98bc95e8:15970:22)
    at HTMLUnknownElement.callCallback2 (http://localhost:5173/node_modules/.vite/deps/chunk-JLB5MZ4H.js?v=98bc95e8:3678:22)
    at Object.invokeGuardedCallbackDev (http://localhost:5173/node_modules/.vite/deps/chunk-JLB5MZ4H.js?v=98bc95e8:3703:24)
    at invokeGuardedCallback (http://localhost:5173/node_modules/.vite/deps/chunk-JLB5MZ4H.js?v=98bc95e8:3737:39)
    at beginWork$1 (http://localhost:5173/node_modules/.vite/deps/chunk-JLB5MZ4H.js?v=98bc95e8:19816:15)
    at performUnitOfWork (http://localhost:5173/node_modules/.vite/deps/chunk-JLB5MZ4H.js?v=98bc95e8:19249:20)
    at workLoopSync (http://localhost:5173/node_modules/.vite/deps/chunk-JLB5MZ4H.js?v=98bc95e8:19188:13)
[ 1314053ms] [ERROR] The above error occurred in the <EventHallSection> component:

    at EventHallSection (http://localhost:5173/src/app/components/EventHallSection.tsx?t=1774764228831:39:36)
    at div
    at App

Consider adding an error boundary to your tree to customize error handling behavior.
Visit https://reactjs.org/link/error-boundaries to learn more about error boundaries. @ http://localhost:5173/node_modules/.vite/deps/chunk-JLB5MZ4H.js?v=98bc95e8:14077
[ 1314055ms] TypeError: Cannot read properties of undefined (reading '0')
    at EventHallSection (http://localhost:5173/src/app/components/EventHallSection.tsx?t=1774764228831:43:27)
    at renderWithHooks (http://localhost:5173/node_modules/.vite/deps/chunk-JLB5MZ4H.js?v=98bc95e8:11594:26)
    at updateFunctionComponent (http://localhost:5173/node_modules/.vite/deps/chunk-JLB5MZ4H.js?v=98bc95e8:14628:28)
    at beginWork (http://localhost:5173/node_modules/.vite/deps/chunk-JLB5MZ4H.js?v=98bc95e8:15970:22)
    at beginWork$1 (http://localhost:5173/node_modules/.vite/deps/chunk-JLB5MZ4H.js?v=98bc95e8:19804:22)
    at performUnitOfWork (http://localhost:5173/node_modules/.vite/deps/chunk-JLB5MZ4H.js?v=98bc95e8:19249:20)
    at workLoopSync (http://localhost:5173/node_modules/.vite/deps/chunk-JLB5MZ4H.js?v=98bc95e8:19188:13)
    at renderRootSync (http://localhost:5173/node_modules/.vite/deps/chunk-JLB5MZ4H.js?v=98bc95e8:19167:15)
    at recoverFromConcurrentError (http://localhost:5173/node_modules/.vite/deps/chunk-JLB5MZ4H.js?v=98bc95e8:18784:28)
    at performSyncWorkOnRoot (http://localhost:5173/node_modules/.vite/deps/chunk-JLB5MZ4H.js?v=98bc95e8:18930:28)
[ 1450469ms] ReferenceError: fourthImage is not defined
    at EventHallSection (http://localhost:5173/src/app/components/EventHallSection.tsx?t=1774764365388:272:28)
    at renderWithHooks (http://localhost:5173/node_modules/.vite/deps/chunk-JLB5MZ4H.js?v=98bc95e8:11594:26)
    at updateFunctionComponent (http://localhost:5173/node_modules/.vite/deps/chunk-JLB5MZ4H.js?v=98bc95e8:14628:28)
    at beginWork (http://localhost:5173/node_modules/.vite/deps/chunk-JLB5MZ4H.js?v=98bc95e8:15970:22)
    at HTMLUnknownElement.callCallback2 (http://localhost:5173/node_modules/.vite/deps/chunk-JLB5MZ4H.js?v=98bc95e8:3678:22)
    at Object.invokeGuardedCallbackDev (http://localhost:5173/node_modules/.vite/deps/chunk-JLB5MZ4H.js?v=98bc95e8:3703:24)
    at invokeGuardedCallback (http://localhost:5173/node_modules/.vite/deps/chunk-JLB5MZ4H.js?v=98bc95e8:3737:39)
    at beginWork$1 (http://localhost:5173/node_modules/.vite/deps/chunk-JLB5MZ4H.js?v=98bc95e8:19816:15)
    at performUnitOfWork (http://localhost:5173/node_modules/.vite/deps/chunk-JLB5MZ4H.js?v=98bc95e8:19249:20)
    at workLoopSync (http://localhost:5173/node_modules/.vite/deps/chunk-JLB5MZ4H.js?v=98bc95e8:19188:13)
[ 1450471ms] ReferenceError: fourthImage is not defined
    at EventHallSection (http://localhost:5173/src/app/components/EventHallSection.tsx?t=1774764365388:272:28)
    at renderWithHooks (http://localhost:5173/node_modules/.vite/deps/chunk-JLB5MZ4H.js?v=98bc95e8:11594:26)
    at updateFunctionComponent (http://localhost:5173/node_modules/.vite/deps/chunk-JLB5MZ4H.js?v=98bc95e8:14628:28)
    at beginWork (http://localhost:5173/node_modules/.vite/deps/chunk-JLB5MZ4H.js?v=98bc95e8:15970:22)
    at HTMLUnknownElement.callCallback2 (http://localhost:5173/node_modules/.vite/deps/chunk-JLB5MZ4H.js?v=98bc95e8:3678:22)
    at Object.invokeGuardedCallbackDev (http://localhost:5173/node_modules/.vite/deps/chunk-JLB5MZ4H.js?v=98bc95e8:3703:24)
    at invokeGuardedCallback (http://localhost:5173/node_modules/.vite/deps/chunk-JLB5MZ4H.js?v=98bc95e8:3737:39)
    at beginWork$1 (http://localhost:5173/node_modules/.vite/deps/chunk-JLB5MZ4H.js?v=98bc95e8:19816:15)
    at performUnitOfWork (http://localhost:5173/node_modules/.vite/deps/chunk-JLB5MZ4H.js?v=98bc95e8:19249:20)
    at workLoopSync (http://localhost:5173/node_modules/.vite/deps/chunk-JLB5MZ4H.js?v=98bc95e8:19188:13)
[ 1450473ms] [ERROR] The above error occurred in the <EventHallSection> component:

    at EventHallSection (http://localhost:5173/src/app/components/EventHallSection.tsx?t=1774764365388:39:36)
    at div
    at App

Consider adding an error boundary to your tree to customize error handling behavior.
Visit https://reactjs.org/link/error-boundaries to learn more about error boundaries. @ http://localhost:5173/node_modules/.vite/deps/chunk-JLB5MZ4H.js?v=98bc95e8:14077
[ 1450475ms] ReferenceError: fourthImage is not defined
    at EventHallSection (http://localhost:5173/src/app/components/EventHallSection.tsx?t=1774764365388:272:28)
    at renderWithHooks (http://localhost:5173/node_modules/.vite/deps/chunk-JLB5MZ4H.js?v=98bc95e8:11594:26)
    at updateFunctionComponent (http://localhost:5173/node_modules/.vite/deps/chunk-JLB5MZ4H.js?v=98bc95e8:14628:28)
    at beginWork (http://localhost:5173/node_modules/.vite/deps/chunk-JLB5MZ4H.js?v=98bc95e8:15970:22)
    at beginWork$1 (http://localhost:5173/node_modules/.vite/deps/chunk-JLB5MZ4H.js?v=98bc95e8:19804:22)
    at performUnitOfWork (http://localhost:5173/node_modules/.vite/deps/chunk-JLB5MZ4H.js?v=98bc95e8:19249:20)
    at workLoopSync (http://localhost:5173/node_modules/.vite/deps/chunk-JLB5MZ4H.js?v=98bc95e8:19188:13)
    at renderRootSync (http://localhost:5173/node_modules/.vite/deps/chunk-JLB5MZ4H.js?v=98bc95e8:19167:15)
    at recoverFromConcurrentError (http://localhost:5173/node_modules/.vite/deps/chunk-JLB5MZ4H.js?v=98bc95e8:18784:28)
    at performSyncWorkOnRoot (http://localhost:5173/node_modules/.vite/deps/chunk-JLB5MZ4H.js?v=98bc95e8:18930:28)
