[  788053ms] [WARNING] Please ensure that the container has a non-static position, like 'relative', 'fixed', or 'absolute' to ensure scroll offset is calculated correctly. @ http://localhost:5173/node_modules/.vite/deps/motion_react.js?v=7f13c780:185
[ 1336890ms] [ERROR] Warning: Invalid hook call. Hooks can only be called inside of the body of a function component. This could happen for one of the following reasons:
1. You might have mismatching versions of React and the renderer (such as React DOM)
2. You might be breaking the Rules of Hooks
3. You might have more than one copy of React in the same app
See https://reactjs.org/link/invalid-hook-call for tips about how to debug and fix this problem. @ http://localhost:5173/node_modules/.vite/deps/chunk-6LGOJ2JQ.js?v=fdb33425:167
[ 1336893ms] [ERROR] Warning: Invalid hook call. Hooks can only be called inside of the body of a function component. This could happen for one of the following reasons:
1. You might have mismatching versions of React and the renderer (such as React DOM)
2. You might be breaking the Rules of Hooks
3. You might have more than one copy of React in the same app
See https://reactjs.org/link/invalid-hook-call for tips about how to debug and fix this problem. @ http://localhost:5173/node_modules/.vite/deps/chunk-6LGOJ2JQ.js?v=fdb33425:167
[ 1336902ms] TypeError: Cannot read properties of null (reading 'useState')
    at useState (http://localhost:5173/node_modules/.vite/deps/chunk-6LGOJ2JQ.js?v=fdb33425:1098:29)
    at useHasMounted2 (http://localhost:5173/node_modules/.vite/deps/react-responsive-masonry.js?v=37139c4f:968:46)
    at useWindowWidth2 (http://localhost:5173/node_modules/.vite/deps/react-responsive-masonry.js?v=37139c4f:975:20)
    at MasonryResponsive2 (http://localhost:5173/node_modules/.vite/deps/react-responsive-masonry.js?v=37139c4f:998:21)
    at renderWithHooks (http://localhost:5173/node_modules/.vite/deps/chunk-JLB5MZ4H.js?v=7f13c780:11594:26)
    at mountIndeterminateComponent (http://localhost:5173/node_modules/.vite/deps/chunk-JLB5MZ4H.js?v=7f13c780:14972:21)
    at beginWork (http://localhost:5173/node_modules/.vite/deps/chunk-JLB5MZ4H.js?v=7f13c780:15960:22)
    at HTMLUnknownElement.callCallback2 (http://localhost:5173/node_modules/.vite/deps/chunk-JLB5MZ4H.js?v=7f13c780:3678:22)
    at Object.invokeGuardedCallbackDev (http://localhost:5173/node_modules/.vite/deps/chunk-JLB5MZ4H.js?v=7f13c780:3703:24)
    at invokeGuardedCallback (http://localhost:5173/node_modules/.vite/deps/chunk-JLB5MZ4H.js?v=7f13c780:3737:39)
[ 1336911ms] [ERROR] Warning: Invalid hook call. Hooks can only be called inside of the body of a function component. This could happen for one of the following reasons:
1. You might have mismatching versions of React and the renderer (such as React DOM)
2. You might be breaking the Rules of Hooks
3. You might have more than one copy of React in the same app
See https://reactjs.org/link/invalid-hook-call for tips about how to debug and fix this problem. @ http://localhost:5173/node_modules/.vite/deps/chunk-6LGOJ2JQ.js?v=fdb33425:167
[ 1336912ms] [ERROR] Warning: Invalid hook call. Hooks can only be called inside of the body of a function component. This could happen for one of the following reasons:
1. You might have mismatching versions of React and the renderer (such as React DOM)
2. You might be breaking the Rules of Hooks
3. You might have more than one copy of React in the same app
See https://reactjs.org/link/invalid-hook-call for tips about how to debug and fix this problem. @ http://localhost:5173/node_modules/.vite/deps/chunk-6LGOJ2JQ.js?v=fdb33425:167
[ 1336912ms] TypeError: Cannot read properties of null (reading 'useState')
    at useState (http://localhost:5173/node_modules/.vite/deps/chunk-6LGOJ2JQ.js?v=fdb33425:1098:29)
    at useHasMounted2 (http://localhost:5173/node_modules/.vite/deps/react-responsive-masonry.js?v=37139c4f:968:46)
    at useWindowWidth2 (http://localhost:5173/node_modules/.vite/deps/react-responsive-masonry.js?v=37139c4f:975:20)
    at MasonryResponsive2 (http://localhost:5173/node_modules/.vite/deps/react-responsive-masonry.js?v=37139c4f:998:21)
    at renderWithHooks (http://localhost:5173/node_modules/.vite/deps/chunk-JLB5MZ4H.js?v=7f13c780:11594:26)
    at mountIndeterminateComponent (http://localhost:5173/node_modules/.vite/deps/chunk-JLB5MZ4H.js?v=7f13c780:14972:21)
    at beginWork (http://localhost:5173/node_modules/.vite/deps/chunk-JLB5MZ4H.js?v=7f13c780:15960:22)
    at HTMLUnknownElement.callCallback2 (http://localhost:5173/node_modules/.vite/deps/chunk-JLB5MZ4H.js?v=7f13c780:3678:22)
    at Object.invokeGuardedCallbackDev (http://localhost:5173/node_modules/.vite/deps/chunk-JLB5MZ4H.js?v=7f13c780:3703:24)
    at invokeGuardedCallback (http://localhost:5173/node_modules/.vite/deps/chunk-JLB5MZ4H.js?v=7f13c780:3737:39)
[ 1336922ms] [ERROR] The above error occurred in the <MasonryResponsive2> component:

    at MasonryResponsive2 (http://localhost:5173/node_modules/.vite/deps/react-responsive-masonry.js?v=37139c4f:993:36)
    at div
    at div
    at MotionDOMComponent (http://localhost:5173/node_modules/.vite/deps/motion_react.js?v=7f13c780:8880:40)
    at PopChildMeasure (http://localhost:5173/node_modules/.vite/deps/motion_react.js?v=7f13c780:8019:23)
    at PopChild (http://localhost:5173/node_modules/.vite/deps/motion_react.js?v=7f13c780:8046:21)
    at PresenceChild (http://localhost:5173/node_modules/.vite/deps/motion_react.js?v=7f13c780:8096:24)
    at AnimatePresence (http://localhost:5173/node_modules/.vite/deps/motion_react.js?v=7f13c780:8173:26)
    at div
    at div
    at section
    at EventsSection (http://localhost:5173/src/app/components/EventsSection.tsx?t=1774816581301:60:31)
    at div
    at App

Consider adding an error boundary to your tree to customize error handling behavior.
Visit https://reactjs.org/link/error-boundaries to learn more about error boundaries. @ http://localhost:5173/node_modules/.vite/deps/chunk-JLB5MZ4H.js?v=7f13c780:14077
[ 1336932ms] TypeError: Cannot read properties of null (reading 'useState')
    at useState (http://localhost:5173/node_modules/.vite/deps/chunk-6LGOJ2JQ.js?v=fdb33425:1098:29)
    at useHasMounted2 (http://localhost:5173/node_modules/.vite/deps/react-responsive-masonry.js?v=37139c4f:968:46)
    at useWindowWidth2 (http://localhost:5173/node_modules/.vite/deps/react-responsive-masonry.js?v=37139c4f:975:20)
    at MasonryResponsive2 (http://localhost:5173/node_modules/.vite/deps/react-responsive-masonry.js?v=37139c4f:998:21)
    at renderWithHooks (http://localhost:5173/node_modules/.vite/deps/chunk-JLB5MZ4H.js?v=7f13c780:11594:26)
    at mountIndeterminateComponent (http://localhost:5173/node_modules/.vite/deps/chunk-JLB5MZ4H.js?v=7f13c780:14972:21)
    at beginWork (http://localhost:5173/node_modules/.vite/deps/chunk-JLB5MZ4H.js?v=7f13c780:15960:22)
    at beginWork$1 (http://localhost:5173/node_modules/.vite/deps/chunk-JLB5MZ4H.js?v=7f13c780:19804:22)
    at performUnitOfWork (http://localhost:5173/node_modules/.vite/deps/chunk-JLB5MZ4H.js?v=7f13c780:19249:20)
    at workLoopSync (http://localhost:5173/node_modules/.vite/deps/chunk-JLB5MZ4H.js?v=7f13c780:19188:13)
[ 1337607ms] [WARNING] Please ensure that the container has a non-static position, like 'relative', 'fixed', or 'absolute' to ensure scroll offset is calculated correctly. @ http://localhost:5173/node_modules/.vite/deps/motion_react.js?v=fdb33425:185
[ 1337643ms] [ERROR] Failed to load resource: the server responded with a status of 403 () @ https://scontent.fsjo8-1.fna.fbcdn.net/v/t51.75761-15/476257377_18013476665690161_905882436149764683_n.jpg?stp=dst-jpegr_tt6&_nc_cat=107&ccb=1-7&_nc_sid=13d280&_nc_ohc=p9Ww65InfEIQ7kNvwGd3T4t&_nc_oc=AdoD8OWzyGwp_yRLyJm4OtVUsVQMqURVsMZhfmMytks60P6wXhPBELHgKLqPbHV_-OZdPdeyV0ewTeYXIP_AitTS&_nc_zt=23&_nc_ht=scontent.fsjo8-1.fna&_nc_gid=JSth1nyyLkxXRFhm2LrV0A&_nc_ss=7a30f&oh=00_Afxk5R5fFRqrFUduHe0KUjVBhZk21zcEWQlFo_VqhMN9ng&oe=69CEA8AD:0
[ 1337643ms] [ERROR] Failed to load resource: the server responded with a status of 403 () @ https://scontent.fsjo8-1.fna.fbcdn.net/v/t39.30808-6/457392693_17992859492690161_3873199616786529814_n.jpg?stp=dst-jpegr_tt6&_nc_cat=100&ccb=1-7&_nc_sid=13d280&_nc_ohc=W_vZwc-4jJwQ7kNvwEMcJGK&_nc_oc=Ado1Zg22BgKrouI-_nawqNdYR9BPvQ3oXa_9R5KVoV6Ds18nkMkV4cfYaSqy7Pa31n-GzWWhmeupsu348mGWLWk&_nc_zt=23&se=-1&_nc_ht=scontent.fsjo8-1.fna&_nc_gid=GQDUes5VfEArQ5mCJ9hm5A&_nc_ss=7a30f&oh=00_AfwdznYcifVxVKDoJq78DX7H-FlyLOW7FKinSN5PWlhqbA&oe=69CE887C:0
[ 1435898ms] ReferenceError: ResponsiveMasonry is not defined
    at EventsSection (http://localhost:5173/src/app/components/EventsSection.tsx?t=1774816687688:219:361)
    at renderWithHooks (http://localhost:5173/node_modules/.vite/deps/chunk-JLB5MZ4H.js?v=fdb33425:11594:26)
    at updateFunctionComponent (http://localhost:5173/node_modules/.vite/deps/chunk-JLB5MZ4H.js?v=fdb33425:14628:28)
    at beginWork (http://localhost:5173/node_modules/.vite/deps/chunk-JLB5MZ4H.js?v=fdb33425:15970:22)
    at HTMLUnknownElement.callCallback2 (http://localhost:5173/node_modules/.vite/deps/chunk-JLB5MZ4H.js?v=fdb33425:3678:22)
    at Object.invokeGuardedCallbackDev (http://localhost:5173/node_modules/.vite/deps/chunk-JLB5MZ4H.js?v=fdb33425:3703:24)
    at invokeGuardedCallback (http://localhost:5173/node_modules/.vite/deps/chunk-JLB5MZ4H.js?v=fdb33425:3737:39)
    at beginWork$1 (http://localhost:5173/node_modules/.vite/deps/chunk-JLB5MZ4H.js?v=fdb33425:19816:15)
    at performUnitOfWork (http://localhost:5173/node_modules/.vite/deps/chunk-JLB5MZ4H.js?v=fdb33425:19249:20)
    at workLoopSync (http://localhost:5173/node_modules/.vite/deps/chunk-JLB5MZ4H.js?v=fdb33425:19188:13)
[ 1435902ms] ReferenceError: ResponsiveMasonry is not defined
    at EventsSection (http://localhost:5173/src/app/components/EventsSection.tsx?t=1774816687688:219:361)
    at renderWithHooks (http://localhost:5173/node_modules/.vite/deps/chunk-JLB5MZ4H.js?v=fdb33425:11594:26)
    at updateFunctionComponent (http://localhost:5173/node_modules/.vite/deps/chunk-JLB5MZ4H.js?v=fdb33425:14628:28)
    at beginWork (http://localhost:5173/node_modules/.vite/deps/chunk-JLB5MZ4H.js?v=fdb33425:15970:22)
    at HTMLUnknownElement.callCallback2 (http://localhost:5173/node_modules/.vite/deps/chunk-JLB5MZ4H.js?v=fdb33425:3678:22)
    at Object.invokeGuardedCallbackDev (http://localhost:5173/node_modules/.vite/deps/chunk-JLB5MZ4H.js?v=fdb33425:3703:24)
    at invokeGuardedCallback (http://localhost:5173/node_modules/.vite/deps/chunk-JLB5MZ4H.js?v=fdb33425:3737:39)
    at beginWork$1 (http://localhost:5173/node_modules/.vite/deps/chunk-JLB5MZ4H.js?v=fdb33425:19816:15)
    at performUnitOfWork (http://localhost:5173/node_modules/.vite/deps/chunk-JLB5MZ4H.js?v=fdb33425:19249:20)
    at workLoopSync (http://localhost:5173/node_modules/.vite/deps/chunk-JLB5MZ4H.js?v=fdb33425:19188:13)
[ 1435908ms] [ERROR] The above error occurred in the <EventsSection> component:

    at EventsSection (http://localhost:5173/src/app/components/EventsSection.tsx?t=1774816687688:59:31)
    at div
    at App

Consider adding an error boundary to your tree to customize error handling behavior.
Visit https://reactjs.org/link/error-boundaries to learn more about error boundaries. @ http://localhost:5173/node_modules/.vite/deps/chunk-JLB5MZ4H.js?v=fdb33425:14077
[ 1435912ms] ReferenceError: ResponsiveMasonry is not defined
    at EventsSection (http://localhost:5173/src/app/components/EventsSection.tsx?t=1774816687688:219:361)
    at renderWithHooks (http://localhost:5173/node_modules/.vite/deps/chunk-JLB5MZ4H.js?v=fdb33425:11594:26)
    at updateFunctionComponent (http://localhost:5173/node_modules/.vite/deps/chunk-JLB5MZ4H.js?v=fdb33425:14628:28)
    at beginWork (http://localhost:5173/node_modules/.vite/deps/chunk-JLB5MZ4H.js?v=fdb33425:15970:22)
    at beginWork$1 (http://localhost:5173/node_modules/.vite/deps/chunk-JLB5MZ4H.js?v=fdb33425:19804:22)
    at performUnitOfWork (http://localhost:5173/node_modules/.vite/deps/chunk-JLB5MZ4H.js?v=fdb33425:19249:20)
    at workLoopSync (http://localhost:5173/node_modules/.vite/deps/chunk-JLB5MZ4H.js?v=fdb33425:19188:13)
    at renderRootSync (http://localhost:5173/node_modules/.vite/deps/chunk-JLB5MZ4H.js?v=fdb33425:19167:15)
    at recoverFromConcurrentError (http://localhost:5173/node_modules/.vite/deps/chunk-JLB5MZ4H.js?v=fdb33425:18784:28)
    at performSyncWorkOnRoot (http://localhost:5173/node_modules/.vite/deps/chunk-JLB5MZ4H.js?v=fdb33425:18930:28)
[ 1453157ms] [ERROR] Failed to load resource: the server responded with a status of 403 () @ https://scontent.fsjo8-1.fna.fbcdn.net/v/t51.75761-15/476257377_18013476665690161_905882436149764683_n.jpg?stp=dst-jpegr_tt6&_nc_cat=107&ccb=1-7&_nc_sid=13d280&_nc_ohc=p9Ww65InfEIQ7kNvwGd3T4t&_nc_oc=AdoD8OWzyGwp_yRLyJm4OtVUsVQMqURVsMZhfmMytks60P6wXhPBELHgKLqPbHV_-OZdPdeyV0ewTeYXIP_AitTS&_nc_zt=23&_nc_ht=scontent.fsjo8-1.fna&_nc_gid=JSth1nyyLkxXRFhm2LrV0A&_nc_ss=7a30f&oh=00_Afxk5R5fFRqrFUduHe0KUjVBhZk21zcEWQlFo_VqhMN9ng&oe=69CEA8AD:0
[ 1453157ms] [ERROR] Failed to load resource: the server responded with a status of 403 () @ https://scontent.fsjo8-1.fna.fbcdn.net/v/t39.30808-6/457392693_17992859492690161_3873199616786529814_n.jpg?stp=dst-jpegr_tt6&_nc_cat=100&ccb=1-7&_nc_sid=13d280&_nc_ohc=W_vZwc-4jJwQ7kNvwEMcJGK&_nc_oc=Ado1Zg22BgKrouI-_nawqNdYR9BPvQ3oXa_9R5KVoV6Ds18nkMkV4cfYaSqy7Pa31n-GzWWhmeupsu348mGWLWk&_nc_zt=23&se=-1&_nc_ht=scontent.fsjo8-1.fna&_nc_gid=GQDUes5VfEArQ5mCJ9hm5A&_nc_ss=7a30f&oh=00_AfwdznYcifVxVKDoJq78DX7H-FlyLOW7FKinSN5PWlhqbA&oe=69CE887C:0
